// Vitest Snapshot v1, https://vitest.dev/guide/snapshot.html

exports[`Snapshot 1`] = `
{
  "Outputs": {
    "LlrtFunctionUrl": {
      "Value": {
        "Fn::GetAtt": [
          "LlrtFunctionUrl7280802F",
          "FunctionUrl",
        ],
      },
    },
  },
  "Parameters": {
    "BootstrapVersion": {
      "Default": "/cdk-bootstrap/hnb659fds/version",
      "Description": "Version of the CDK Bootstrap resources in this environment, automatically retrieved from SSM Parameter Store. [cdk:skip]",
      "Type": "AWS::SSM::Parameter::Value<String>",
    },
  },
  "Resources": {
    "LlrtFunctionBBA0B80E": {
      "DependsOn": [
        "LlrtFunctionServiceRole63565B1A",
      ],
      "Properties": {
        "Architectures": [
          "arm64",
        ],
        "Code": {
          "S3Bucket": {
            "Fn::Sub": "cdk-hnb659fds-assets-\${AWS::AccountId}-\${AWS::Region}",
          },
          "S3Key": "2c1a8f684964781466edef2555bfe44acfe6c4f4339b405eee22036e8fbba5ce.zip",
        },
        "Handler": "index.handler",
        "LoggingConfig": {
          "ApplicationLogLevel": "INFO",
          "LogFormat": "JSON",
          "SystemLogLevel": "INFO",
        },
        "Role": {
          "Fn::GetAtt": [
            "LlrtFunctionServiceRole63565B1A",
            "Arn",
          ],
        },
        "Runtime": "provided.al2023",
      },
      "Type": "AWS::Lambda::Function",
    },
    "LlrtFunctionServiceRole63565B1A": {
      "Properties": {
        "AssumeRolePolicyDocument": {
          "Statement": [
            {
              "Action": "sts:AssumeRole",
              "Effect": "Allow",
              "Principal": {
                "Service": "lambda.amazonaws.com",
              },
            },
          ],
          "Version": "2012-10-17",
        },
        "ManagedPolicyArns": [
          {
            "Fn::Join": [
              "",
              [
                "arn:",
                {
                  "Ref": "AWS::Partition",
                },
                ":iam::aws:policy/service-role/AWSLambdaBasicExecutionRole",
              ],
            ],
          },
        ],
      },
      "Type": "AWS::IAM::Role",
    },
    "LlrtFunctionUrl7280802F": {
      "Properties": {
        "AuthType": "NONE",
        "TargetFunctionArn": {
          "Fn::GetAtt": [
            "LlrtFunctionBBA0B80E",
            "Arn",
          ],
        },
      },
      "Type": "AWS::Lambda::Url",
    },
    "LlrtFunctioninvokefunctionurl31E6F0AE": {
      "Properties": {
        "Action": "lambda:InvokeFunctionUrl",
        "FunctionName": {
          "Fn::GetAtt": [
            "LlrtFunctionBBA0B80E",
            "Arn",
          ],
        },
        "FunctionUrlAuthType": "NONE",
        "Principal": "*",
      },
      "Type": "AWS::Lambda::Permission",
    },
  },
  "Rules": {
    "CheckBootstrapVersion": {
      "Assertions": [
        {
          "Assert": {
            "Fn::Not": [
              {
                "Fn::Contains": [
                  [
                    "1",
                    "2",
                    "3",
                    "4",
                    "5",
                  ],
                  {
                    "Ref": "BootstrapVersion",
                  },
                ],
              },
            ],
          },
          "AssertDescription": "CDK bootstrap stack version 6 required. Please run 'cdk bootstrap' with a recent version of the CDK CLI.",
        },
      ],
    },
  },
}
`;
